// Jest Snapshot v1, https://goo.gl/fbAQLP

exports[`Checking initialization and rendering of component renders correct headings 1`] = `[Function]`;
